server_0.05.in
0.03752493858337402,0.21277666091918945,0.2121107578277588,0.21141862869262695,0.21261167526245117,0.17728853225708008,0.07813201120651524
2.4469714164733887,9.378508806228638,2.107809543609619,2.3380401134490967,2.616602659225464,3.777586507797241,3.136447016234362
2.9823901653289795,2.8938379287719727,2.847137689590454,2.7943427562713623,3.672186851501465,3.037979078292847,0.3612012565308818
5.168173313140869,5.0271689891815186,5.059165000915527,4.966755628585815,5.253188848495483,5.094890356063843,0.11479307189769276
5.08649468421936,4.75931978225708,6.1696367263793945,4.761838912963867,5.464588642120361,5.248375749588012,0.5910941367825708
