0.8538422584533691,0.9788801670074463,0.978630542755127,0.9743542671203613,0.9730098247528076,0.9517434120178223,0.05478929689954324
2.5606842041015625,2.629185676574707,2.5752367973327637,2.591717004776001,2.7240865230560303,2.616182041168213,0.06551246572744086
2.722327470779419,2.708676338195801,2.936816930770874,2.7742104530334473,2.784604072570801,2.7853270530700684,0.0907159908760773
6.290021896362305,5.073651313781738,4.97722601890564,4.959795236587524,5.069805860519409,5.274100065231323,0.5702926256966
5.193960189819336,5.015760183334351,4.912934303283691,4.775956869125366,4.75092077255249,4.9299064636230465,0.18242782201942342
