0.018761396408081055,0.01759481430053711,0.014909029006958008,0.020111083984375,0.01661849021911621,0.017598962783813475,0.0019911737895675994
1.1689245700836182,1.1992526054382324,1.2018532752990723,1.2119386196136475,1.2056705951690674,1.1975279331207276,0.016686868242917163
1.3166694641113281,1.22947096824646,1.256568431854248,1.299692153930664,1.3257184028625488,1.28562388420105,0.04112992813368524
2.803621292114258,2.8710947036743164,2.694690227508545,2.759763240814209,2.781224012374878,2.7820786952972414,0.06427166467259528
2.7064425945281982,2.6428818702697754,2.813098669052124,2.667509078979492,2.6629388332366943,2.6985742092132567,0.06803367244107147
