0.9777474403381348,6.784402370452881,6.784075021743774,6.784198522567749,6.786216974258423,5.623328065872192,2.59695866424248
9.743261814117432,9.662306308746338,9.771509170532227,9.701914072036743,9.681167840957642,9.712031841278076,0.044834273314393935
10.072348833084106,10.205759048461914,10.005905389785767,9.960741519927979,9.87916898727417,10.024784755706786,0.1231624482317921
13.695787906646729,13.393459796905518,13.495045185089111,13.765546083450317,13.694262504577637,13.608820295333862,0.15712385973584422
13.621870994567871,13.435233354568481,13.465945720672607,13.469501256942749,13.479830741882324,13.494476413726806,0.0731289509914247
